main.c:142:5:main	8	static
main.c:238:6:SystemClock_Config	232	static
main.c:314:13:MX_DFSDM1_Init	8	static
main.c:352:13:MX_I2C2_Init	8	static
main.c:398:13:MX_QUADSPI_Init	8	static
main.c:431:13:MX_SPI3_Init	8	static
main.c:471:13:MX_USART1_UART_Init	8	static
main.c:506:13:MX_USART3_UART_Init	8	static
main.c:541:13:MX_USB_OTG_FS_PCD_Init	8	static
main.c:576:13:MX_GPIO_Init	48	static
main.c:769:6:StartDefaultTask	16	static
main.c:789:6:StartTemp	32	static
main.c:815:6:StartTPres	32	static
main.c:842:6:StartHumidity	32	static
main.c:868:6:StartIndex	40	static
main.c:897:6:HAL_TIM_PeriodElapsedCallback	16	static
main.c:914:6:Error_Handler	4	static
