main.c:132:5:main	8	static
main.c:225:6:SystemClock_Config	232	static
main.c:301:13:MX_DFSDM1_Init	8	static
main.c:339:13:MX_I2C2_Init	8	static
main.c:385:13:MX_QUADSPI_Init	8	static
main.c:418:13:MX_SPI3_Init	8	static
main.c:458:13:MX_USART1_UART_Init	8	static
main.c:493:13:MX_USART3_UART_Init	8	static
main.c:528:13:MX_USB_OTG_FS_PCD_Init	8	static
main.c:563:13:MX_GPIO_Init	48	static
main.c:756:6:StartDefaultTask	16	static
main.c:776:6:StartTemp	24	static
main.c:802:6:StartTPres	24	static
main.c:825:6:StartHumidity	24	static
main.c:849:6:HAL_TIM_PeriodElapsedCallback	16	static
main.c:866:6:Error_Handler	4	static
